<?xml version="1.0" encoding="UTF-8" ?>
<testsuites name="vitest tests" tests="1" failures="1" errors="0" time="0">
    <testsuite name="test-puppeteer/NeuralControlPanel.test.js" timestamp="2025-04-11T21:19:18.389Z" hostname="MacBookPro" tests="1" failures="1" errors="0" skipped="0" time="0">
        <testcase classname="test-puppeteer/NeuralControlPanel.test.js" name="test-puppeteer/NeuralControlPanel.test.js" time="0">
            <failure message="window is not defined" type="ReferenceError">
ReferenceError: window is not defined
 ❯ src/test/setup.ts:25:1
            </failure>
        </testcase>
    </testsuite>
</testsuites>
